2026-08-05 10:44:51,724 | INFO    | Logging to data/logs/embed_corpus_20260805_104451.log
2026-08-05 10:44:51,724 | INFO    | === Corpus embedding run starting ===
2026-08-05 10:44:51,725 | INFO    | chunks_path=data/corpus/chunks_600_80_fulltext_sentence_tagged.jsonl batch_size=128 model=nomic-ai/nomic-embed-text-v1.5 limit=None
2026-08-05 10:44:55,032 | INFO    | Loaded 138426 chunks from data/corpus/chunks_600_80_fulltext_sentence_tagged.jsonl
2026-08-05 10:44:55,222 | INFO    | Using device: cuda
2026-08-05 10:44:55,222 | INFO    | Load pretrained SentenceTransformer: nomic-ai/nomic-embed-text-v1.5
2026-08-05 10:44:58,302 | WARNING | <All keys matched successfully>
2026-08-05 10:44:59,208 | INFO    | Model loaded. Max sequence length: 8192, embedding dimension: 768
2026-08-05 10:44:59,353 | INFO    | Chroma collection 'supply_chain_docs' opened at './chroma_db'. Existing count: 99258
2026-08-05 10:45:01,603 | INFO    | Resuming: 99258 chunks already embedded, skipping. 39168 remaining.
2026-08-05 10:45:17,936 | INFO    | Batch 1/306 | 128/39168 chunks | 7.84 chunks/sec | ETA 83.0 min
2026-08-05 10:45:20,317 | INFO    | Batch 2/306 | 256/39168 chunks | 13.68 chunks/sec | ETA 47.4 min
2026-08-05 10:45:22,519 | INFO    | Batch 3/306 | 384/39168 chunks | 18.36 chunks/sec | ETA 35.2 min
2026-08-05 10:45:32,601 | INFO    | Batch 4/306 | 512/39168 chunks | 16.52 chunks/sec | ETA 39.0 min
2026-08-05 10:45:40,732 | INFO    | Batch 5/306 | 640/39168 chunks | 16.36 chunks/sec | ETA 39.3 min
2026-08-05 10:45:47,622 | INFO    | Batch 6/306 | 768/39168 chunks | 16.69 chunks/sec | ETA 38.3 min
2026-08-05 10:46:10,105 | INFO    | Batch 7/306 | 896/39168 chunks | 13.08 chunks/sec | ETA 48.8 min
2026-08-05 10:46:12,023 | INFO    | Batch 8/306 | 1024/39168 chunks | 14.54 chunks/sec | ETA 43.7 min
2026-08-05 10:46:14,327 | INFO    | Batch 9/306 | 1152/39168 chunks | 15.84 chunks/sec | ETA 40.0 min
2026-08-05 10:46:23,186 | INFO    | Batch 10/306 | 1280/39168 chunks | 15.69 chunks/sec | ETA 40.2 min
2026-08-05 10:46:25,132 | INFO    | Batch 11/306 | 1408/39168 chunks | 16.86 chunks/sec | ETA 37.3 min
2026-08-05 10:46:34,591 | INFO    | Batch 12/306 | 1536/39168 chunks | 16.52 chunks/sec | ETA 38.0 min
2026-08-05 10:46:37,231 | INFO    | Batch 13/306 | 1664/39168 chunks | 17.40 chunks/sec | ETA 35.9 min
2026-08-05 10:46:50,801 | INFO    | Batch 14/306 | 1792/39168 chunks | 16.41 chunks/sec | ETA 38.0 min
2026-08-05 10:46:52,501 | INFO    | Batch 15/306 | 1920/39168 chunks | 17.31 chunks/sec | ETA 35.9 min
2026-08-05 10:47:05,580 | INFO    | Batch 16/306 | 2048/39168 chunks | 16.52 chunks/sec | ETA 37.5 min
2026-08-05 10:47:07,445 | INFO    | Batch 17/306 | 2176/39168 chunks | 17.29 chunks/sec | ETA 35.7 min
2026-08-05 10:47:18,927 | INFO    | Batch 18/306 | 2304/39168 chunks | 16.78 chunks/sec | ETA 36.6 min
2026-08-05 10:47:34,287 | INFO    | Batch 19/306 | 2432/39168 chunks | 15.93 chunks/sec | ETA 38.4 min
2026-08-05 10:47:47,296 | INFO    | Batch 20/306 | 2560/39168 chunks | 15.45 chunks/sec | ETA 39.5 min
2026-08-05 10:47:47,308 | INFO    | CHECKPOINT | persisted=101818 expected=101818 [OK]
2026-08-05 10:47:48,808 | INFO    | Batch 21/306 | 2688/39168 chunks | 16.08 chunks/sec | ETA 37.8 min
2026-08-05 10:48:04,661 | INFO    | Batch 22/306 | 2816/39168 chunks | 15.38 chunks/sec | ETA 39.4 min
2026-08-05 10:48:18,475 | INFO    | Batch 23/306 | 2944/39168 chunks | 14.95 chunks/sec | ETA 40.4 min
2026-08-05 10:48:20,922 | INFO    | Batch 24/306 | 3072/39168 chunks | 15.41 chunks/sec | ETA 39.0 min
2026-08-05 10:48:35,217 | INFO    | Batch 25/306 | 3200/39168 chunks | 14.98 chunks/sec | ETA 40.0 min
2026-08-05 10:48:50,807 | INFO    | Batch 26/306 | 3328/39168 chunks | 14.52 chunks/sec | ETA 41.1 min
2026-08-05 10:48:52,395 | INFO    | Batch 27/306 | 3456/39168 chunks | 14.97 chunks/sec | ETA 39.7 min
2026-08-05 10:49:02,004 | INFO    | Batch 28/306 | 3584/39168 chunks | 14.91 chunks/sec | ETA 39.8 min
2026-08-05 10:49:15,056 | INFO    | Batch 29/306 | 3712/39168 chunks | 14.65 chunks/sec | ETA 40.3 min
2026-08-05 10:49:27,569 | INFO    | Batch 30/306 | 3840/39168 chunks | 14.44 chunks/sec | ETA 40.8 min
2026-08-05 10:49:29,579 | INFO    | Batch 31/306 | 3968/39168 chunks | 14.81 chunks/sec | ETA 39.6 min
2026-08-05 10:49:45,946 | INFO    | Batch 32/306 | 4096/39168 chunks | 14.41 chunks/sec | ETA 40.6 min
2026-08-05 10:50:00,276 | INFO    | Batch 33/306 | 4224/39168 chunks | 14.14 chunks/sec | ETA 41.2 min
2026-08-05 10:50:02,058 | INFO    | Batch 34/306 | 4352/39168 chunks | 14.48 chunks/sec | ETA 40.1 min
2026-08-05 10:50:15,198 | INFO    | Batch 35/306 | 4480/39168 chunks | 14.29 chunks/sec | ETA 40.5 min
2026-08-05 10:50:26,937 | INFO    | Batch 36/306 | 4608/39168 chunks | 14.16 chunks/sec | ETA 40.7 min
2026-08-05 10:50:40,070 | INFO    | Batch 37/306 | 4736/39168 chunks | 13.99 chunks/sec | ETA 41.0 min
2026-08-05 10:50:58,281 | INFO    | Batch 38/306 | 4864/39168 chunks | 13.64 chunks/sec | ETA 41.9 min
2026-08-05 10:51:09,762 | INFO    | Batch 39/306 | 4992/39168 chunks | 13.56 chunks/sec | ETA 42.0 min
2026-08-05 10:51:11,585 | INFO    | Batch 40/306 | 5120/39168 chunks | 13.84 chunks/sec | ETA 41.0 min
2026-08-05 10:51:11,597 | INFO    | CHECKPOINT | persisted=104378 expected=104378 [OK]
2026-08-05 10:51:20,996 | INFO    | Batch 41/306 | 5248/39168 chunks | 13.83 chunks/sec | ETA 40.9 min
2026-08-05 10:51:34,056 | INFO    | Batch 42/306 | 5376/39168 chunks | 13.70 chunks/sec | ETA 41.1 min
2026-08-05 10:51:45,247 | INFO    | Batch 43/306 | 5504/39168 chunks | 13.64 chunks/sec | ETA 41.1 min
2026-08-05 10:51:48,158 | INFO    | Batch 44/306 | 5632/39168 chunks | 13.85 chunks/sec | ETA 40.3 min
2026-08-05 10:51:58,228 | INFO    | Batch 45/306 | 5760/39168 chunks | 13.83 chunks/sec | ETA 40.3 min
2026-08-05 10:52:08,538 | INFO    | Batch 46/306 | 5888/39168 chunks | 13.79 chunks/sec | ETA 40.2 min
2026-08-05 10:52:18,017 | INFO    | Batch 47/306 | 6016/39168 chunks | 13.79 chunks/sec | ETA 40.1 min
2026-08-05 10:52:20,444 | INFO    | Batch 48/306 | 6144/39168 chunks | 14.00 chunks/sec | ETA 39.3 min
2026-08-05 10:52:34,579 | INFO    | Batch 49/306 | 6272/39168 chunks | 13.85 chunks/sec | ETA 39.6 min
2026-08-05 10:52:36,224 | INFO    | Batch 50/306 | 6400/39168 chunks | 14.08 chunks/sec | ETA 38.8 min
2026-08-05 10:52:48,919 | INFO    | Batch 51/306 | 6528/39168 chunks | 13.97 chunks/sec | ETA 38.9 min
2026-08-05 10:52:50,818 | INFO    | Batch 52/306 | 6656/39168 chunks | 14.19 chunks/sec | ETA 38.2 min
2026-08-05 10:53:01,152 | INFO    | Batch 53/306 | 6784/39168 chunks | 14.15 chunks/sec | ETA 38.2 min
2026-08-05 10:53:02,871 | INFO    | Batch 54/306 | 6912/39168 chunks | 14.36 chunks/sec | ETA 37.4 min
2026-08-05 10:53:14,997 | INFO    | Batch 55/306 | 7040/39168 chunks | 14.27 chunks/sec | ETA 37.5 min
2026-08-05 10:53:16,976 | INFO    | Batch 56/306 | 7168/39168 chunks | 14.47 chunks/sec | ETA 36.9 min
2026-08-05 10:53:30,755 | INFO    | Batch 57/306 | 7296/39168 chunks | 14.33 chunks/sec | ETA 37.1 min
2026-08-05 10:53:33,181 | INFO    | Batch 58/306 | 7424/39168 chunks | 14.51 chunks/sec | ETA 36.5 min
2026-08-05 10:53:44,590 | INFO    | Batch 59/306 | 7552/39168 chunks | 14.44 chunks/sec | ETA 36.5 min
2026-08-05 10:53:59,273 | INFO    | Batch 60/306 | 7680/39168 chunks | 14.28 chunks/sec | ETA 36.7 min
2026-08-05 10:53:59,285 | INFO    | CHECKPOINT | persisted=106938 expected=106938 [OK]
2026-08-05 10:54:14,252 | INFO    | Batch 61/306 | 7808/39168 chunks | 14.13 chunks/sec | ETA 37.0 min
2026-08-05 10:54:16,484 | INFO    | Batch 62/306 | 7936/39168 chunks | 14.30 chunks/sec | ETA 36.4 min
2026-08-05 10:54:32,277 | INFO    | Batch 63/306 | 8064/39168 chunks | 14.13 chunks/sec | ETA 36.7 min
2026-08-05 10:54:33,980 | INFO    | Batch 64/306 | 8192/39168 chunks | 14.31 chunks/sec | ETA 36.1 min
2026-08-05 10:54:50,108 | INFO    | Batch 65/306 | 8320/39168 chunks | 14.14 chunks/sec | ETA 36.4 min
2026-08-05 10:54:52,630 | INFO    | Batch 66/306 | 8448/39168 chunks | 14.29 chunks/sec | ETA 35.8 min
2026-08-05 10:55:04,904 | INFO    | Batch 67/306 | 8576/39168 chunks | 14.22 chunks/sec | ETA 35.9 min
2026-08-05 10:55:17,823 | INFO    | Batch 68/306 | 8704/39168 chunks | 14.12 chunks/sec | ETA 35.9 min
2026-08-05 10:55:20,083 | INFO    | Batch 69/306 | 8832/39168 chunks | 14.28 chunks/sec | ETA 35.4 min
2026-08-05 10:55:30,416 | INFO    | Batch 70/306 | 8960/39168 chunks | 14.25 chunks/sec | ETA 35.3 min
2026-08-05 10:55:43,448 | INFO    | Batch 71/306 | 9088/39168 chunks | 14.16 chunks/sec | ETA 35.4 min
2026-08-05 10:55:58,633 | INFO    | Batch 72/306 | 9216/39168 chunks | 14.03 chunks/sec | ETA 35.6 min
2026-08-05 10:56:01,058 | INFO    | Batch 73/306 | 9344/39168 chunks | 14.17 chunks/sec | ETA 35.1 min
2026-08-05 10:56:15,066 | INFO    | Batch 74/306 | 9472/39168 chunks | 14.06 chunks/sec | ETA 35.2 min
2026-08-05 10:56:27,372 | INFO    | Batch 75/306 | 9600/39168 chunks | 14.00 chunks/sec | ETA 35.2 min
2026-08-05 10:56:28,749 | INFO    | Batch 76/306 | 9728/39168 chunks | 14.16 chunks/sec | ETA 34.7 min
2026-08-05 10:56:43,706 | INFO    | Batch 77/306 | 9856/39168 chunks | 14.04 chunks/sec | ETA 34.8 min
2026-08-05 10:56:56,509 | INFO    | Batch 78/306 | 9984/39168 chunks | 13.97 chunks/sec | ETA 34.8 min
2026-08-05 10:57:08,338 | INFO    | Batch 79/306 | 10112/39168 chunks | 13.91 chunks/sec | ETA 34.8 min
2026-08-05 10:57:09,979 | INFO    | Batch 80/306 | 10240/39168 chunks | 14.06 chunks/sec | ETA 34.3 min
2026-08-05 10:57:09,992 | INFO    | CHECKPOINT | persisted=109498 expected=109498 [OK]
2026-08-05 10:57:19,293 | INFO    | Batch 81/306 | 10368/39168 chunks | 14.05 chunks/sec | ETA 34.2 min
2026-08-05 10:57:33,562 | INFO    | Batch 82/306 | 10496/39168 chunks | 13.96 chunks/sec | ETA 34.2 min
2026-08-05 10:57:52,873 | INFO    | Batch 83/306 | 10624/39168 chunks | 13.77 chunks/sec | ETA 34.5 min
2026-08-05 10:58:05,183 | INFO    | Batch 84/306 | 10752/39168 chunks | 13.72 chunks/sec | ETA 34.5 min
2026-08-05 10:58:16,015 | INFO    | Batch 85/306 | 10880/39168 chunks | 13.70 chunks/sec | ETA 34.4 min
2026-08-05 10:58:27,856 | INFO    | Batch 86/306 | 11008/39168 chunks | 13.65 chunks/sec | ETA 34.4 min
2026-08-05 10:58:40,500 | INFO    | Batch 87/306 | 11136/39168 chunks | 13.60 chunks/sec | ETA 34.4 min
2026-08-05 10:58:53,133 | INFO    | Batch 88/306 | 11264/39168 chunks | 13.55 chunks/sec | ETA 34.3 min
2026-08-05 10:59:02,801 | INFO    | Batch 89/306 | 11392/39168 chunks | 13.54 chunks/sec | ETA 34.2 min
2026-08-05 10:59:05,211 | INFO    | Batch 90/306 | 11520/39168 chunks | 13.66 chunks/sec | ETA 33.7 min
2026-08-05 10:59:18,155 | INFO    | Batch 91/306 | 11648/39168 chunks | 13.60 chunks/sec | ETA 33.7 min
2026-08-05 10:59:19,940 | INFO    | Batch 92/306 | 11776/39168 chunks | 13.72 chunks/sec | ETA 33.3 min
2026-08-05 10:59:33,891 | INFO    | Batch 93/306 | 11904/39168 chunks | 13.65 chunks/sec | ETA 33.3 min
2026-08-05 10:59:35,638 | INFO    | Batch 94/306 | 12032/39168 chunks | 13.77 chunks/sec | ETA 32.9 min
2026-08-05 10:59:51,227 | INFO    | Batch 95/306 | 12160/39168 chunks | 13.67 chunks/sec | ETA 32.9 min
2026-08-05 10:59:52,707 | INFO    | Batch 96/306 | 12288/39168 chunks | 13.79 chunks/sec | ETA 32.5 min
2026-08-05 10:59:55,504 | INFO    | Batch 97/306 | 12416/39168 chunks | 13.89 chunks/sec | ETA 32.1 min
2026-08-05 11:00:04,777 | INFO    | Batch 98/306 | 12544/39168 chunks | 13.89 chunks/sec | ETA 31.9 min
2026-08-05 11:00:07,391 | INFO    | Batch 99/306 | 12672/39168 chunks | 13.99 chunks/sec | ETA 31.6 min
2026-08-05 11:00:17,349 | INFO    | Batch 100/306 | 12800/39168 chunks | 13.98 chunks/sec | ETA 31.4 min
2026-08-05 11:00:17,362 | INFO    | CHECKPOINT | persisted=112058 expected=112058 [OK]
2026-08-05 11:00:19,364 | INFO    | Batch 101/306 | 12928/39168 chunks | 14.09 chunks/sec | ETA 31.0 min
2026-08-05 11:00:28,111 | INFO    | Batch 102/306 | 13056/39168 chunks | 14.09 chunks/sec | ETA 30.9 min
2026-08-05 11:00:41,622 | INFO    | Batch 103/306 | 13184/39168 chunks | 14.03 chunks/sec | ETA 30.9 min
2026-08-05 11:00:44,270 | INFO    | Batch 104/306 | 13312/39168 chunks | 14.12 chunks/sec | ETA 30.5 min
2026-08-05 11:00:46,782 | INFO    | Batch 105/306 | 13440/39168 chunks | 14.22 chunks/sec | ETA 30.2 min
2026-08-05 11:00:58,054 | INFO    | Batch 106/306 | 13568/39168 chunks | 14.19 chunks/sec | ETA 30.1 min
2026-08-05 11:01:01,006 | INFO    | Batch 107/306 | 13696/39168 chunks | 14.28 chunks/sec | ETA 29.7 min
2026-08-05 11:01:11,876 | INFO    | Batch 108/306 | 13824/39168 chunks | 14.25 chunks/sec | ETA 29.6 min
2026-08-05 11:01:27,065 | INFO    | Batch 109/306 | 13952/39168 chunks | 14.16 chunks/sec | ETA 29.7 min
2026-08-05 11:01:39,890 | INFO    | Batch 110/306 | 14080/39168 chunks | 14.10 chunks/sec | ETA 29.6 min
2026-08-05 11:01:54,638 | INFO    | Batch 111/306 | 14208/39168 chunks | 14.03 chunks/sec | ETA 29.7 min
2026-08-05 11:01:58,514 | INFO    | Batch 112/306 | 14336/39168 chunks | 14.10 chunks/sec | ETA 29.4 min
2026-08-05 11:02:14,442 | INFO    | Batch 113/306 | 14464/39168 chunks | 14.00 chunks/sec | ETA 29.4 min
2026-08-05 11:02:16,878 | INFO    | Batch 114/306 | 14592/39168 chunks | 14.09 chunks/sec | ETA 29.1 min
2026-08-05 11:02:29,104 | INFO    | Batch 115/306 | 14720/39168 chunks | 14.05 chunks/sec | ETA 29.0 min
2026-08-05 11:02:39,637 | INFO    | Batch 116/306 | 14848/39168 chunks | 14.03 chunks/sec | ETA 28.9 min
2026-08-05 11:02:41,446 | INFO    | Batch 117/306 | 14976/39168 chunks | 14.13 chunks/sec | ETA 28.5 min
2026-08-05 11:02:51,085 | INFO    | Batch 118/306 | 15104/39168 chunks | 14.12 chunks/sec | ETA 28.4 min
2026-08-05 11:03:06,489 | INFO    | Batch 119/306 | 15232/39168 chunks | 14.04 chunks/sec | ETA 28.4 min
2026-08-05 11:03:21,355 | INFO    | Batch 120/306 | 15360/39168 chunks | 13.97 chunks/sec | ETA 28.4 min
2026-08-05 11:03:21,368 | INFO    | CHECKPOINT | persisted=114618 expected=114618 [OK]
2026-08-05 11:03:23,571 | INFO    | Batch 121/306 | 15488/39168 chunks | 14.05 chunks/sec | ETA 28.1 min
2026-08-05 11:03:36,306 | INFO    | Batch 122/306 | 15616/39168 chunks | 14.01 chunks/sec | ETA 28.0 min
2026-08-05 11:03:50,287 | INFO    | Batch 123/306 | 15744/39168 chunks | 13.95 chunks/sec | ETA 28.0 min
2026-08-05 11:03:52,265 | INFO    | Batch 124/306 | 15872/39168 chunks | 14.04 chunks/sec | ETA 27.7 min
2026-08-05 11:04:08,235 | INFO    | Batch 125/306 | 16000/39168 chunks | 13.95 chunks/sec | ETA 27.7 min
2026-08-05 11:04:21,570 | INFO    | Batch 126/306 | 16128/39168 chunks | 13.90 chunks/sec | ETA 27.6 min
2026-08-05 11:04:30,750 | INFO    | Batch 127/306 | 16256/39168 chunks | 13.90 chunks/sec | ETA 27.5 min
2026-08-05 11:04:44,254 | INFO    | Batch 128/306 | 16384/39168 chunks | 13.85 chunks/sec | ETA 27.4 min
2026-08-05 11:04:54,634 | INFO    | Batch 129/306 | 16512/39168 chunks | 13.84 chunks/sec | ETA 27.3 min
2026-08-05 11:04:57,128 | INFO    | Batch 130/306 | 16640/39168 chunks | 13.92 chunks/sec | ETA 27.0 min
2026-08-05 11:05:08,811 | INFO    | Batch 131/306 | 16768/39168 chunks | 13.89 chunks/sec | ETA 26.9 min
2026-08-05 11:05:20,587 | INFO    | Batch 132/306 | 16896/39168 chunks | 13.86 chunks/sec | ETA 26.8 min
2026-08-05 11:05:32,584 | INFO    | Batch 133/306 | 17024/39168 chunks | 13.83 chunks/sec | ETA 26.7 min
2026-08-05 11:05:44,663 | INFO    | Batch 134/306 | 17152/39168 chunks | 13.80 chunks/sec | ETA 26.6 min
2026-08-05 11:05:46,216 | INFO    | Batch 135/306 | 17280/39168 chunks | 13.88 chunks/sec | ETA 26.3 min
2026-08-05 11:05:58,847 | INFO    | Batch 136/306 | 17408/39168 chunks | 13.85 chunks/sec | ETA 26.2 min
2026-08-05 11:06:18,065 | INFO    | Batch 137/306 | 17536/39168 chunks | 13.74 chunks/sec | ETA 26.2 min
2026-08-05 11:06:30,045 | INFO    | Batch 138/306 | 17664/39168 chunks | 13.71 chunks/sec | ETA 26.1 min
2026-08-05 11:06:38,981 | INFO    | Batch 139/306 | 17792/39168 chunks | 13.71 chunks/sec | ETA 26.0 min
2026-08-05 11:06:48,742 | INFO    | Batch 140/306 | 17920/39168 chunks | 13.71 chunks/sec | ETA 25.8 min
2026-08-05 11:06:48,755 | INFO    | CHECKPOINT | persisted=117178 expected=117178 [OK]
2026-08-05 11:06:51,683 | INFO    | Batch 141/306 | 18048/39168 chunks | 13.78 chunks/sec | ETA 25.6 min
2026-08-05 11:07:01,236 | INFO    | Batch 142/306 | 18176/39168 chunks | 13.77 chunks/sec | ETA 25.4 min
2026-08-05 11:07:12,600 | INFO    | Batch 143/306 | 18304/39168 chunks | 13.75 chunks/sec | ETA 25.3 min
2026-08-05 11:07:25,909 | INFO    | Batch 144/306 | 18432/39168 chunks | 13.71 chunks/sec | ETA 25.2 min
2026-08-05 11:07:28,299 | INFO    | Batch 145/306 | 18560/39168 chunks | 13.78 chunks/sec | ETA 24.9 min
2026-08-05 11:07:42,424 | INFO    | Batch 146/306 | 18688/39168 chunks | 13.73 chunks/sec | ETA 24.9 min
2026-08-05 11:07:44,735 | INFO    | Batch 147/306 | 18816/39168 chunks | 13.80 chunks/sec | ETA 24.6 min
2026-08-05 11:07:54,582 | INFO    | Batch 148/306 | 18944/39168 chunks | 13.80 chunks/sec | ETA 24.4 min
2026-08-05 11:08:08,361 | INFO    | Batch 149/306 | 19072/39168 chunks | 13.75 chunks/sec | ETA 24.4 min
2026-08-05 11:08:10,034 | INFO    | Batch 150/306 | 19200/39168 chunks | 13.83 chunks/sec | ETA 24.1 min
2026-08-05 11:08:23,508 | INFO    | Batch 151/306 | 19328/39168 chunks | 13.79 chunks/sec | ETA 24.0 min
2026-08-05 11:08:26,599 | INFO    | Batch 152/306 | 19456/39168 chunks | 13.85 chunks/sec | ETA 23.7 min
2026-08-05 11:08:29,552 | INFO    | Batch 153/306 | 19584/39168 chunks | 13.91 chunks/sec | ETA 23.5 min
2026-08-05 11:08:39,749 | INFO    | Batch 154/306 | 19712/39168 chunks | 13.90 chunks/sec | ETA 23.3 min
2026-08-05 11:08:41,812 | INFO    | Batch 155/306 | 19840/39168 chunks | 13.97 chunks/sec | ETA 23.1 min
2026-08-05 11:08:54,937 | INFO    | Batch 156/306 | 19968/39168 chunks | 13.93 chunks/sec | ETA 23.0 min
2026-08-05 11:09:04,932 | INFO    | Batch 157/306 | 20096/39168 chunks | 13.92 chunks/sec | ETA 22.8 min
2026-08-05 11:09:08,670 | INFO    | Batch 158/306 | 20224/39168 chunks | 13.98 chunks/sec | ETA 22.6 min
2026-08-05 11:09:21,408 | INFO    | Batch 159/306 | 20352/39168 chunks | 13.94 chunks/sec | ETA 22.5 min
2026-08-05 11:09:23,323 | INFO    | Batch 160/306 | 20480/39168 chunks | 14.01 chunks/sec | ETA 22.2 min
2026-08-05 11:09:23,336 | INFO    | CHECKPOINT | persisted=119738 expected=119738 [OK]
2026-08-05 11:09:37,394 | INFO    | Batch 161/306 | 20608/39168 chunks | 13.96 chunks/sec | ETA 22.2 min
2026-08-05 11:09:39,937 | INFO    | Batch 162/306 | 20736/39168 chunks | 14.03 chunks/sec | ETA 21.9 min
2026-08-05 11:09:49,311 | INFO    | Batch 163/306 | 20864/39168 chunks | 14.02 chunks/sec | ETA 21.8 min
2026-08-05 11:09:50,602 | INFO    | Batch 164/306 | 20992/39168 chunks | 14.10 chunks/sec | ETA 21.5 min
2026-08-05 11:09:53,931 | INFO    | Batch 165/306 | 21120/39168 chunks | 14.15 chunks/sec | ETA 21.3 min
2026-08-05 11:10:03,225 | INFO    | Batch 166/306 | 21248/39168 chunks | 14.15 chunks/sec | ETA 21.1 min
2026-08-05 11:10:14,158 | INFO    | Batch 167/306 | 21376/39168 chunks | 14.13 chunks/sec | ETA 21.0 min
2026-08-05 11:10:16,419 | INFO    | Batch 168/306 | 21504/39168 chunks | 14.20 chunks/sec | ETA 20.7 min
2026-08-05 11:10:29,084 | INFO    | Batch 169/306 | 21632/39168 chunks | 14.16 chunks/sec | ETA 20.6 min
2026-08-05 11:10:31,783 | INFO    | Batch 170/306 | 21760/39168 chunks | 14.22 chunks/sec | ETA 20.4 min
2026-08-05 11:10:46,236 | INFO    | Batch 171/306 | 21888/39168 chunks | 14.17 chunks/sec | ETA 20.3 min
2026-08-05 11:10:48,863 | INFO    | Batch 172/306 | 22016/39168 chunks | 14.23 chunks/sec | ETA 20.1 min
2026-08-05 11:10:51,114 | INFO    | Batch 173/306 | 22144/39168 chunks | 14.29 chunks/sec | ETA 19.9 min
2026-08-05 11:11:08,076 | INFO    | Batch 174/306 | 22272/39168 chunks | 14.22 chunks/sec | ETA 19.8 min
2026-08-05 11:11:10,788 | INFO    | Batch 175/306 | 22400/39168 chunks | 14.27 chunks/sec | ETA 19.6 min
2026-08-05 11:11:22,384 | INFO    | Batch 176/306 | 22528/39168 chunks | 14.25 chunks/sec | ETA 19.5 min
2026-08-05 11:11:33,564 | INFO    | Batch 177/306 | 22656/39168 chunks | 14.23 chunks/sec | ETA 19.3 min
2026-08-05 11:11:47,379 | INFO    | Batch 178/306 | 22784/39168 chunks | 14.19 chunks/sec | ETA 19.2 min
2026-08-05 11:12:00,214 | INFO    | Batch 179/306 | 22912/39168 chunks | 14.16 chunks/sec | ETA 19.1 min
2026-08-05 11:12:10,576 | INFO    | Batch 180/306 | 23040/39168 chunks | 14.14 chunks/sec | ETA 19.0 min
2026-08-05 11:12:10,589 | INFO    | CHECKPOINT | persisted=122298 expected=122298 [OK]
2026-08-05 11:12:25,599 | INFO    | Batch 181/306 | 23168/39168 chunks | 14.09 chunks/sec | ETA 18.9 min
2026-08-05 11:12:40,958 | INFO    | Batch 182/306 | 23296/39168 chunks | 14.04 chunks/sec | ETA 18.8 min
2026-08-05 11:12:57,486 | INFO    | Batch 183/306 | 23424/39168 chunks | 13.98 chunks/sec | ETA 18.8 min
2026-08-05 11:13:00,287 | INFO    | Batch 184/306 | 23552/39168 chunks | 14.03 chunks/sec | ETA 18.6 min
2026-08-05 11:13:16,120 | INFO    | Batch 185/306 | 23680/39168 chunks | 13.97 chunks/sec | ETA 18.5 min
2026-08-05 11:13:29,197 | INFO    | Batch 186/306 | 23808/39168 chunks | 13.94 chunks/sec | ETA 18.4 min
2026-08-05 11:13:30,781 | INFO    | Batch 187/306 | 23936/39168 chunks | 14.00 chunks/sec | ETA 18.1 min
2026-08-05 11:13:47,633 | INFO    | Batch 188/306 | 24064/39168 chunks | 13.94 chunks/sec | ETA 18.1 min
2026-08-05 11:14:02,828 | INFO    | Batch 189/306 | 24192/39168 chunks | 13.89 chunks/sec | ETA 18.0 min
2026-08-05 11:14:04,881 | INFO    | Batch 190/306 | 24320/39168 chunks | 13.95 chunks/sec | ETA 17.7 min
2026-08-05 11:14:14,952 | INFO    | Batch 191/306 | 24448/39168 chunks | 13.94 chunks/sec | ETA 17.6 min
2026-08-05 11:14:28,192 | INFO    | Batch 192/306 | 24576/39168 chunks | 13.91 chunks/sec | ETA 17.5 min
2026-08-05 11:14:38,631 | INFO    | Batch 193/306 | 24704/39168 chunks | 13.90 chunks/sec | ETA 17.3 min
2026-08-05 11:14:53,861 | INFO    | Batch 194/306 | 24832/39168 chunks | 13.86 chunks/sec | ETA 17.2 min
2026-08-05 11:15:06,756 | INFO    | Batch 195/306 | 24960/39168 chunks | 13.83 chunks/sec | ETA 17.1 min
2026-08-05 11:15:17,290 | INFO    | Batch 196/306 | 25088/39168 chunks | 13.82 chunks/sec | ETA 17.0 min
2026-08-05 11:15:19,506 | INFO    | Batch 197/306 | 25216/39168 chunks | 13.87 chunks/sec | ETA 16.8 min
2026-08-05 11:15:32,609 | INFO    | Batch 198/306 | 25344/39168 chunks | 13.84 chunks/sec | ETA 16.6 min
2026-08-05 11:15:46,276 | INFO    | Batch 199/306 | 25472/39168 chunks | 13.81 chunks/sec | ETA 16.5 min
2026-08-05 11:15:58,698 | INFO    | Batch 200/306 | 25600/39168 chunks | 13.78 chunks/sec | ETA 16.4 min
2026-08-05 11:15:58,711 | INFO    | CHECKPOINT | persisted=124858 expected=124858 [OK]
2026-08-05 11:16:10,942 | INFO    | Batch 201/306 | 25728/39168 chunks | 13.76 chunks/sec | ETA 16.3 min
2026-08-05 11:16:13,282 | INFO    | Batch 202/306 | 25856/39168 chunks | 13.81 chunks/sec | ETA 16.1 min
2026-08-05 11:16:26,372 | INFO    | Batch 203/306 | 25984/39168 chunks | 13.79 chunks/sec | ETA 15.9 min
2026-08-05 11:16:38,994 | INFO    | Batch 204/306 | 26112/39168 chunks | 13.76 chunks/sec | ETA 15.8 min
2026-08-05 11:16:58,741 | INFO    | Batch 205/306 | 26240/39168 chunks | 13.69 chunks/sec | ETA 15.7 min
2026-08-05 11:17:01,450 | INFO    | Batch 206/306 | 26368/39168 chunks | 13.73 chunks/sec | ETA 15.5 min
2026-08-05 11:17:14,152 | INFO    | Batch 207/306 | 26496/39168 chunks | 13.71 chunks/sec | ETA 15.4 min
2026-08-05 11:17:16,361 | INFO    | Batch 208/306 | 26624/39168 chunks | 13.76 chunks/sec | ETA 15.2 min
2026-08-05 11:17:27,508 | INFO    | Batch 209/306 | 26752/39168 chunks | 13.75 chunks/sec | ETA 15.1 min
2026-08-05 11:17:36,996 | INFO    | Batch 210/306 | 26880/39168 chunks | 13.75 chunks/sec | ETA 14.9 min
2026-08-05 11:17:39,310 | INFO    | Batch 211/306 | 27008/39168 chunks | 13.80 chunks/sec | ETA 14.7 min
2026-08-05 11:17:54,585 | INFO    | Batch 212/306 | 27136/39168 chunks | 13.75 chunks/sec | ETA 14.6 min
2026-08-05 11:18:03,573 | INFO    | Batch 213/306 | 27264/39168 chunks | 13.76 chunks/sec | ETA 14.4 min
2026-08-05 11:18:17,389 | INFO    | Batch 214/306 | 27392/39168 chunks | 13.72 chunks/sec | ETA 14.3 min
2026-08-05 11:18:20,031 | INFO    | Batch 215/306 | 27520/39168 chunks | 13.77 chunks/sec | ETA 14.1 min
2026-08-05 11:18:36,030 | INFO    | Batch 216/306 | 27648/39168 chunks | 13.73 chunks/sec | ETA 14.0 min
2026-08-05 11:18:38,580 | INFO    | Batch 217/306 | 27776/39168 chunks | 13.77 chunks/sec | ETA 13.8 min
2026-08-05 11:18:49,217 | INFO    | Batch 218/306 | 27904/39168 chunks | 13.76 chunks/sec | ETA 13.6 min
2026-08-05 11:18:58,979 | INFO    | Batch 219/306 | 28032/39168 chunks | 13.76 chunks/sec | ETA 13.5 min
2026-08-05 11:19:11,310 | INFO    | Batch 220/306 | 28160/39168 chunks | 13.74 chunks/sec | ETA 13.4 min
2026-08-05 11:19:11,323 | INFO    | CHECKPOINT | persisted=127418 expected=127418 [OK]
2026-08-05 11:19:22,961 | INFO    | Batch 221/306 | 28288/39168 chunks | 13.72 chunks/sec | ETA 13.2 min
2026-08-05 11:19:25,097 | INFO    | Batch 222/306 | 28416/39168 chunks | 13.77 chunks/sec | ETA 13.0 min
2026-08-05 11:19:37,531 | INFO    | Batch 223/306 | 28544/39168 chunks | 13.75 chunks/sec | ETA 12.9 min
2026-08-05 11:19:39,515 | INFO    | Batch 224/306 | 28672/39168 chunks | 13.80 chunks/sec | ETA 12.7 min
2026-08-05 11:19:53,103 | INFO    | Batch 225/306 | 28800/39168 chunks | 13.77 chunks/sec | ETA 12.5 min
2026-08-05 11:19:54,660 | INFO    | Batch 226/306 | 28928/39168 chunks | 13.82 chunks/sec | ETA 12.3 min
2026-08-05 11:19:56,742 | INFO    | Batch 227/306 | 29056/39168 chunks | 13.87 chunks/sec | ETA 12.2 min
2026-08-05 11:20:07,651 | INFO    | Batch 228/306 | 29184/39168 chunks | 13.86 chunks/sec | ETA 12.0 min
2026-08-05 11:20:22,554 | INFO    | Batch 229/306 | 29312/39168 chunks | 13.82 chunks/sec | ETA 11.9 min
2026-08-05 11:20:25,006 | INFO    | Batch 230/306 | 29440/39168 chunks | 13.86 chunks/sec | ETA 11.7 min
2026-08-05 11:20:34,835 | INFO    | Batch 231/306 | 29568/39168 chunks | 13.86 chunks/sec | ETA 11.5 min
2026-08-05 11:20:47,524 | INFO    | Batch 232/306 | 29696/39168 chunks | 13.84 chunks/sec | ETA 11.4 min
2026-08-05 11:20:57,613 | INFO    | Batch 233/306 | 29824/39168 chunks | 13.83 chunks/sec | ETA 11.3 min
2026-08-05 11:20:58,992 | INFO    | Batch 234/306 | 29952/39168 chunks | 13.88 chunks/sec | ETA 11.1 min
2026-08-05 11:21:00,892 | INFO    | Batch 235/306 | 30080/39168 chunks | 13.93 chunks/sec | ETA 10.9 min
2026-08-05 11:21:12,643 | INFO    | Batch 236/306 | 30208/39168 chunks | 13.91 chunks/sec | ETA 10.7 min
2026-08-05 11:21:14,547 | INFO    | Batch 237/306 | 30336/39168 chunks | 13.96 chunks/sec | ETA 10.5 min
2026-08-05 11:21:29,591 | INFO    | Batch 238/306 | 30464/39168 chunks | 13.92 chunks/sec | ETA 10.4 min
2026-08-05 11:21:43,858 | INFO    | Batch 239/306 | 30592/39168 chunks | 13.89 chunks/sec | ETA 10.3 min
2026-08-05 11:21:46,147 | INFO    | Batch 240/306 | 30720/39168 chunks | 13.93 chunks/sec | ETA 10.1 min
2026-08-05 11:21:46,161 | INFO    | CHECKPOINT | persisted=129978 expected=129978 [OK]
2026-08-05 11:21:59,253 | INFO    | Batch 241/306 | 30848/39168 chunks | 13.91 chunks/sec | ETA 10.0 min
2026-08-05 11:22:01,075 | INFO    | Batch 242/306 | 30976/39168 chunks | 13.96 chunks/sec | ETA 9.8 min
2026-08-05 11:22:20,023 | INFO    | Batch 243/306 | 31104/39168 chunks | 13.90 chunks/sec | ETA 9.7 min
2026-08-05 11:22:22,473 | INFO    | Batch 244/306 | 31232/39168 chunks | 13.94 chunks/sec | ETA 9.5 min
2026-08-05 11:22:34,315 | INFO    | Batch 245/306 | 31360/39168 chunks | 13.92 chunks/sec | ETA 9.3 min
2026-08-05 11:22:47,445 | INFO    | Batch 246/306 | 31488/39168 chunks | 13.90 chunks/sec | ETA 9.2 min
2026-08-05 11:22:56,824 | INFO    | Batch 247/306 | 31616/39168 chunks | 13.90 chunks/sec | ETA 9.1 min
2026-08-05 11:23:13,279 | INFO    | Batch 248/306 | 31744/39168 chunks | 13.85 chunks/sec | ETA 8.9 min
2026-08-05 11:23:15,699 | INFO    | Batch 249/306 | 31872/39168 chunks | 13.89 chunks/sec | ETA 8.8 min
2026-08-05 11:23:27,532 | INFO    | Batch 250/306 | 32000/39168 chunks | 13.88 chunks/sec | ETA 8.6 min
2026-08-05 11:23:38,833 | INFO    | Batch 251/306 | 32128/39168 chunks | 13.86 chunks/sec | ETA 8.5 min
2026-08-05 11:23:52,910 | INFO    | Batch 252/306 | 32256/39168 chunks | 13.84 chunks/sec | ETA 8.3 min
2026-08-05 11:24:06,010 | INFO    | Batch 253/306 | 32384/39168 chunks | 13.81 chunks/sec | ETA 8.2 min
2026-08-05 11:24:08,781 | INFO    | Batch 254/306 | 32512/39168 chunks | 13.85 chunks/sec | ETA 8.0 min
2026-08-05 11:24:11,259 | INFO    | Batch 255/306 | 32640/39168 chunks | 13.89 chunks/sec | ETA 7.8 min
2026-08-05 11:24:22,004 | INFO    | Batch 256/306 | 32768/39168 chunks | 13.88 chunks/sec | ETA 7.7 min
2026-08-05 11:24:32,789 | INFO    | Batch 257/306 | 32896/39168 chunks | 13.87 chunks/sec | ETA 7.5 min
2026-08-05 11:24:34,100 | INFO    | Batch 258/306 | 33024/39168 chunks | 13.92 chunks/sec | ETA 7.4 min
2026-08-05 11:24:36,132 | INFO    | Batch 259/306 | 33152/39168 chunks | 13.96 chunks/sec | ETA 7.2 min
2026-08-05 11:24:46,746 | INFO    | Batch 260/306 | 33280/39168 chunks | 13.95 chunks/sec | ETA 7.0 min
2026-08-05 11:24:46,760 | INFO    | CHECKPOINT | persisted=132538 expected=132538 [OK]
2026-08-05 11:24:56,590 | INFO    | Batch 261/306 | 33408/39168 chunks | 13.95 chunks/sec | ETA 6.9 min
2026-08-05 11:24:58,429 | INFO    | Batch 262/306 | 33536/39168 chunks | 13.99 chunks/sec | ETA 6.7 min
2026-08-05 11:25:09,731 | INFO    | Batch 263/306 | 33664/39168 chunks | 13.98 chunks/sec | ETA 6.6 min
2026-08-05 11:25:11,296 | INFO    | Batch 264/306 | 33792/39168 chunks | 14.02 chunks/sec | ETA 6.4 min
2026-08-05 11:25:13,873 | INFO    | Batch 265/306 | 33920/39168 chunks | 14.06 chunks/sec | ETA 6.2 min
2026-08-05 11:25:28,854 | INFO    | Batch 266/306 | 34048/39168 chunks | 14.03 chunks/sec | ETA 6.1 min
2026-08-05 11:25:31,396 | INFO    | Batch 267/306 | 34176/39168 chunks | 14.07 chunks/sec | ETA 5.9 min
2026-08-05 11:25:43,438 | INFO    | Batch 268/306 | 34304/39168 chunks | 14.05 chunks/sec | ETA 5.8 min
2026-08-05 11:25:45,312 | INFO    | Batch 269/306 | 34432/39168 chunks | 14.09 chunks/sec | ETA 5.6 min
2026-08-05 11:26:00,371 | INFO    | Batch 270/306 | 34560/39168 chunks | 14.06 chunks/sec | ETA 5.5 min
2026-08-05 11:26:13,048 | INFO    | Batch 271/306 | 34688/39168 chunks | 14.04 chunks/sec | ETA 5.3 min
2026-08-05 11:26:16,002 | INFO    | Batch 272/306 | 34816/39168 chunks | 14.07 chunks/sec | ETA 5.2 min
2026-08-05 11:26:30,028 | INFO    | Batch 273/306 | 34944/39168 chunks | 14.04 chunks/sec | ETA 5.0 min
2026-08-05 11:26:31,597 | INFO    | Batch 274/306 | 35072/39168 chunks | 14.09 chunks/sec | ETA 4.8 min
2026-08-05 11:26:33,787 | INFO    | Batch 275/306 | 35200/39168 chunks | 14.12 chunks/sec | ETA 4.7 min
2026-08-05 11:26:46,250 | INFO    | Batch 276/306 | 35328/39168 chunks | 14.10 chunks/sec | ETA 4.5 min
2026-08-05 11:26:48,442 | INFO    | Batch 277/306 | 35456/39168 chunks | 14.14 chunks/sec | ETA 4.4 min
2026-08-05 11:27:02,911 | INFO    | Batch 278/306 | 35584/39168 chunks | 14.11 chunks/sec | ETA 4.2 min
2026-08-05 11:27:13,873 | INFO    | Batch 279/306 | 35712/39168 chunks | 14.10 chunks/sec | ETA 4.1 min
2026-08-05 11:27:25,675 | INFO    | Batch 280/306 | 35840/39168 chunks | 14.09 chunks/sec | ETA 3.9 min
2026-08-05 11:27:25,689 | INFO    | CHECKPOINT | persisted=135098 expected=135098 [OK]
2026-08-05 11:27:37,350 | INFO    | Batch 281/306 | 35968/39168 chunks | 14.07 chunks/sec | ETA 3.8 min
2026-08-05 11:27:51,621 | INFO    | Batch 282/306 | 36096/39168 chunks | 14.05 chunks/sec | ETA 3.6 min
2026-08-05 11:28:06,886 | INFO    | Batch 283/306 | 36224/39168 chunks | 14.01 chunks/sec | ETA 3.5 min
2026-08-05 11:28:09,749 | INFO    | Batch 284/306 | 36352/39168 chunks | 14.05 chunks/sec | ETA 3.3 min
2026-08-05 11:28:24,834 | INFO    | Batch 285/306 | 36480/39168 chunks | 14.01 chunks/sec | ETA 3.2 min
2026-08-05 11:28:40,914 | INFO    | Batch 286/306 | 36608/39168 chunks | 13.98 chunks/sec | ETA 3.1 min
2026-08-05 11:28:43,444 | INFO    | Batch 287/306 | 36736/39168 chunks | 14.01 chunks/sec | ETA 2.9 min
2026-08-05 11:28:57,266 | INFO    | Batch 288/306 | 36864/39168 chunks | 13.99 chunks/sec | ETA 2.7 min
2026-08-05 11:28:58,863 | INFO    | Batch 289/306 | 36992/39168 chunks | 14.03 chunks/sec | ETA 2.6 min
2026-08-05 11:29:09,331 | INFO    | Batch 290/306 | 37120/39168 chunks | 14.02 chunks/sec | ETA 2.4 min
2026-08-05 11:29:23,622 | INFO    | Batch 291/306 | 37248/39168 chunks | 13.99 chunks/sec | ETA 2.3 min
2026-08-05 11:29:32,435 | INFO    | Batch 292/306 | 37376/39168 chunks | 13.99 chunks/sec | ETA 2.1 min
2026-08-05 11:29:34,381 | INFO    | Batch 293/306 | 37504/39168 chunks | 14.03 chunks/sec | ETA 2.0 min
2026-08-05 11:29:47,475 | INFO    | Batch 294/306 | 37632/39168 chunks | 14.01 chunks/sec | ETA 1.8 min
2026-08-05 11:30:05,101 | INFO    | Batch 295/306 | 37760/39168 chunks | 13.97 chunks/sec | ETA 1.7 min
2026-08-05 11:30:07,133 | INFO    | Batch 296/306 | 37888/39168 chunks | 14.00 chunks/sec | ETA 1.5 min
2026-08-05 11:30:20,428 | INFO    | Batch 297/306 | 38016/39168 chunks | 13.98 chunks/sec | ETA 1.4 min
2026-08-05 11:30:23,196 | INFO    | Batch 298/306 | 38144/39168 chunks | 14.02 chunks/sec | ETA 1.2 min
2026-08-05 11:30:33,944 | INFO    | Batch 299/306 | 38272/39168 chunks | 14.01 chunks/sec | ETA 1.1 min
2026-08-05 11:30:46,571 | INFO    | Batch 300/306 | 38400/39168 chunks | 13.99 chunks/sec | ETA 0.9 min
2026-08-05 11:30:46,588 | INFO    | CHECKPOINT | persisted=137658 expected=137658 [OK]
2026-08-05 11:30:58,626 | INFO    | Batch 301/306 | 38528/39168 chunks | 13.97 chunks/sec | ETA 0.8 min
2026-08-05 11:31:09,951 | INFO    | Batch 302/306 | 38656/39168 chunks | 13.96 chunks/sec | ETA 0.6 min
2026-08-05 11:31:20,793 | INFO    | Batch 303/306 | 38784/39168 chunks | 13.96 chunks/sec | ETA 0.5 min
2026-08-05 11:31:35,426 | INFO    | Batch 304/306 | 38912/39168 chunks | 13.93 chunks/sec | ETA 0.3 min
2026-08-05 11:31:50,704 | INFO    | Batch 305/306 | 39040/39168 chunks | 13.90 chunks/sec | ETA 0.2 min
2026-08-05 11:32:03,809 | INFO    | Batch 306/306 | 39168/39168 chunks | 13.88 chunks/sec | ETA 0.0 min
2026-08-05 11:32:03,824 | INFO    | === Run complete ===
2026-08-05 11:32:03,824 | INFO    | Chunks embedded this run: 39168 | Errors: 0 | Time: 47.0 min | Avg rate: 13.88 chunks/sec
2026-08-05 11:32:03,824 | INFO    | Final collection count: 138426 (expected 138426)
2026-08-05 11:32:03,824 | INFO    | SUCCESS: persisted count matches expected total.
2026-08-05 11:32:04,535 | INFO    | VERIFIED: collection count (138426) matches the full corpus file (138426). Nothing missing.
